Archive member included       because of file (symbol)

/usr/local/openravenscar/lib/gcc-lib/sparc-ork-elf/2.8.1/adalib/libgnarl.a(a-reatim.o)
                              ./devicesfss_v1.o (ada__real_time__clock)
/usr/local/openravenscar/lib/gcc-lib/sparc-ork-elf/2.8.1/adalib/libgnarl.a(a-retide.o)
                              ./button_interrupt.o (ada__real_time__delays__delay_until)
/usr/local/openravenscar/lib/gcc-lib/sparc-ork-elf/2.8.1/adalib/libgnarl.a(s-interr.o)
                              b~main.o (system__interrupts___elabs)
/usr/local/openravenscar/lib/gcc-lib/sparc-ork-elf/2.8.1/adalib/libgnarl.a(s-osinte.o)
                              /usr/local/openravenscar/lib/gcc-lib/sparc-ork-elf/2.8.1/adalib/libgnarl.a(s-interr.o) (system__os_interface__attach_handler)
/usr/local/openravenscar/lib/gcc-lib/sparc-ork-elf/2.8.1/adalib/libgnarl.a(s-taprob.o)
                              ./devicesfss_v1.o (system__tasking__protected_objects__initialize_protection)
/usr/local/openravenscar/lib/gcc-lib/sparc-ork-elf/2.8.1/adalib/libgnarl.a(s-taprop.o)
                              /usr/local/openravenscar/lib/gcc-lib/sparc-ork-elf/2.8.1/adalib/libgnarl.a(a-retide.o) (system__task_primitives__operations__self)
/usr/local/openravenscar/lib/gcc-lib/sparc-ork-elf/2.8.1/adalib/libgnarl.a(s-tarest.o)
                              ./button_interrupt.o (system__tasking__restricted__stages__create_restricted_task)
/usr/local/openravenscar/lib/gcc-lib/sparc-ork-elf/2.8.1/adalib/libgnarl.a(s-tasdeb.o)
                              b~main.o (system__tasking__debug___elabs)
/usr/local/openravenscar/lib/gcc-lib/sparc-ork-elf/2.8.1/adalib/libgnarl.a(s-taskin.o)
                              /usr/local/openravenscar/lib/gcc-lib/sparc-ork-elf/2.8.1/adalib/libgnarl.a(s-tasdeb.o) (system__tasking__task_statesT)
/usr/local/openravenscar/lib/gcc-lib/sparc-ork-elf/2.8.1/adalib/libgnarl.a(s-taspri.o)
                              /usr/local/openravenscar/lib/gcc-lib/sparc-ork-elf/2.8.1/adalib/libgnarl.a(s-taskin.o) (system__task_primitives___init_proc)
/usr/local/openravenscar/lib/gcc-lib/sparc-ork-elf/2.8.1/adalib/libgnarl.a(s-tposen.o)
                              /usr/local/openravenscar/lib/gcc-lib/sparc-ork-elf/2.8.1/adalib/libgnarl.a(s-interr.o) (system__tasking__protected_objects__single_entry__protection_entryP)
/usr/local/openravenscar/lib/gcc-lib/sparc-ork-elf/2.8.1/adalib/libgnarl.a(kernel-interrupts.o)
                              /usr/local/openravenscar/lib/gcc-lib/sparc-ork-elf/2.8.1/adalib/libgnarl.a(s-osinte.o) (kernel_attach_interrupt_handler)
/usr/local/openravenscar/lib/gcc-lib/sparc-ork-elf/2.8.1/adalib/libgnarl.a(kernel-threads.o)
                              b~main.o (kernel__threads___elabs)
/usr/local/openravenscar/lib/gcc-lib/sparc-ork-elf/2.8.1/adalib/libgnarl.a(kernel-threads-atcb.o)
                              /usr/local/openravenscar/lib/gcc-lib/sparc-ork-elf/2.8.1/adalib/libgnarl.a(s-taprop.o) (kernel__threads__atcb__set_atcb)
/usr/local/openravenscar/lib/gcc-lib/sparc-ork-elf/2.8.1/adalib/libgnarl.a(kernel-threads-queues.o)
                              /usr/local/openravenscar/lib/gcc-lib/sparc-ork-elf/2.8.1/adalib/libgnarl.a(s-taprop.o) (running_thread)
/usr/local/openravenscar/lib/gcc-lib/sparc-ork-elf/2.8.1/adalib/libgnarl.a(kernel-threads-protection.o)
                              /usr/local/openravenscar/lib/gcc-lib/sparc-ork-elf/2.8.1/adalib/libgnarl.a(kernel-threads.o) (kernel__threads__protection__dispatch)
/usr/local/openravenscar/lib/gcc-lib/sparc-ork-elf/2.8.1/adalib/libgnarl.a(kernel-time.o)
                              /usr/local/openravenscar/lib/gcc-lib/sparc-ork-elf/2.8.1/adalib/libgnarl.a(s-taprop.o) (kernel_clock)
/usr/local/openravenscar/lib/gcc-lib/sparc-ork-elf/2.8.1/adalib/libgnarl.a(kernel-memory.o)
                              /usr/local/openravenscar/sparc-ork-elf/lib/ada_crt0.o (environment_stack)
/usr/local/openravenscar/lib/gcc-lib/sparc-ork-elf/2.8.1/adalib/libgnarl.a(kernel-cpu_primitives.o)
                              /usr/local/openravenscar/lib/gcc-lib/sparc-ork-elf/2.8.1/adalib/libgnarl.a(kernel-threads-protection.o) (kernel__cpu_primitives__context_switch)
/usr/local/openravenscar/lib/gcc-lib/sparc-ork-elf/2.8.1/adalib/libgnarl.a(kernel-peripherals-registers.o)
                              ./force_external_interrupt_2.o (kernel__peripherals__registers__test_control)
/usr/local/openravenscar/lib/gcc-lib/sparc-ork-elf/2.8.1/adalib/libgnarl.a(kernel-peripherals.o)
                              /usr/local/openravenscar/lib/gcc-lib/sparc-ork-elf/2.8.1/adalib/libgnarl.a(kernel-interrupts.o) (kernel__peripherals__to_vector)
/usr/local/openravenscar/lib/gcc-lib/sparc-ork-elf/2.8.1/adalib/libgnarl.a(kernel-serial_output.o)
                              ./devicesfss_v1.o (kernel__serial_output__put__2)
/usr/local/openravenscar/lib/gcc-lib/sparc-ork-elf/2.8.1/adalib/libgnarl.a(context.o)
[...]
Memory Configuration

Name             Origin             Length             Attributes
rom              0x00000000         0x00200000         xr
ram              0x02000000         0x003f8000         xrw
*default*        0x00000000         0xffffffff

Linker script and memory map

                0x00200000                PROM_SIZE=0x200000
                0x00400000                RAM_SIZE=0x400000
                0x00000000                PROM_START=0x0
                0x00200000                PROM_END=(PROM_START+PROM_SIZE)
                0x02000000                RAM_START=0x2000000
                0x02400000                RAM_END=(RAM_START+RAM_SIZE)

.text           0x02000000    0x34df0
 CREATE_OBJECT_SYMBOLS
                0x02000000                text_start=.
 *(.text)
 .text          0x02000000     0x1384 /usr/local/openravenscar/sparc-ork-elf/lib/ada_crt0.o
                0x020011bc                __exit
                0x02000000                trap_table
                0x02000000                start
                0x020011bc                _exit
 .text          0x02001384      0x284 b~main.o
                0x020015f0                ada_main___elabb
                0x02001384                adainit
                0x02001570                main
                0x02001554                adafinal
 .text          0x02001608       0x1c ./main.o
                0x02001608                _ada_main
 .text          0x02001624       0x98 ./force_external_interrupt_2.o
                0x02001624                _ada_force_external_interrupt_2
 .text          0x020016bc       0xfc ./data_scenarios.o
                0x020016bc                data_scenarios___elabs
 .text          0x020017b8       0x28 ./test_colisiones.o
                0x020017b8                test_colisiones___elabs
 .text          0x020017e0       0xe0 ./lista_scenarios.o
                0x020017e0                lista_scenarios___elabs
 .text          0x020018c0     0x4aa8 ./devicesfss_v1.o
                0x02003584                devicesfss_v1___init_proc__6
                0x02004968                devicesfss_v1___init_proc__9
                0x02001ef4                devicesfss_v1__read_light_intensity
                0x020057a8                devicesfss_v1__display_altitude
                0x020035d8                devicesfss_v1__read_pilotbutton
                0x02005f40                devicesfss_v1__display_cronometro
                0x02002a10                devicesfss_v1___init_proc__4
                0x02005b7c                devicesfss_v1__display_joystick
                0x02005398                devicesfss_v1__light_1
                0x02004208                devicesfss_v1__read_altitude
                0x020058c0                devicesfss_v1__display_distance
                0x020049a8                devicesfss_v1__read_pitch
                0x02002468                devicesfss_v1___init_proc__3
                0x020041c0                devicesfss_v1___init_proc__8
                0x02005e30                devicesfss_v1__display_message
                0x02001920                devicesfss_v1__read_distance
                0x02005a64                devicesfss_v1__display_light_intensity
                0x02005af0                devicesfss_v1__display_pilot_power
                0x02002a70                devicesfss_v1__read_power
                0x02003b64                devicesfss_v1__read_speed
                0x020059d8                devicesfss_v1__display_roll
                0x02005d48                devicesfss_v1__display_pilot_button
                0x02004fa0                devicesfss_v1__read_roll
                0x020062b0                devicesfss_v1___elabb
                0x02003b24                devicesfss_v1___init_proc__7
                0x02001e94                devicesfss_v1___init_proc__2
                0x02005448                devicesfss_v1__light_2
                0x02003038                devicesfss_v1__read_pilotpresence
                0x020049d0                devicesfss_v1__set_aircraft_pitch
                0x02005834                devicesfss_v1__display_speed
                0x02004fc8                devicesfss_v1__set_aircraft_roll
                0x020024c8                devicesfss_v1__read_joystick
                0x02005528                devicesfss_v1__alarm
                0x02005c60                devicesfss_v1__display_pilot_presence
                0x02003b8c                devicesfss_v1__set_speed
                0x0200594c                devicesfss_v1__display_pitch
                0x02002fe4                devicesfss_v1___init_proc__5
                0x02004f60                devicesfss_v1___init_proc__10
                0x020018c0                devicesfss_v1___init_proc
 .text          0x02006368      0x57c ./button_interrupt.o
                0x02006368                button_interrupt___init_proc
                0x020063e4                button_interrupt___elabs
                0x02006638                button_interrupt__interruptTKB
                0x020068b0                button_interrupt___elabb
 .text          0x020068e4      0x9a8 ./workload.o
                0x020068e4                workload___elabs
                0x02006ce4                workload__small_whetstone
                0x02007274                workload___elabb
 .text          0x0200728c      0xd08 ./tools.o
                0x02007f64                tools___elabb
                0x02007ef0                tools__execution_time
                0x02007e48                tools__finish_activity
                0x02007cf8                tools__print_a_string
                0x02007578                tools__print_chrono
                0x02007da0                tools__start_activity
                0x0200728c                tools___elabs
                0x020079a0                tools__print_an_integer
                0x02007b58                tools__print_a_float
                0x020072d8                tools__current_time
 .text          0x02007f94     0x3608 ./fss.o
                0x0200937c                fss___init_proc__8
                0x020091f4                fss___init_proc__6
                0x02007fd0                fss___init_proc
                0x0200a428                fss__control_vel_engines
                0x0200aef0                fss__set_maneuver
                0x0200ad20                fss__show_display
                0x0200a08c                fss__control_roll
                0x020092b8                fss___init_proc__7
                0x0200a870                fss__control_collisions
                0x02009130                fss___init_proc__5
                0x02007f94                fss__background
                0x0200af18                fss__get_maneuver
                0x02008fa8                fss___init_proc__3
                0x0200a184                fss__control_pitch_and_altitud
                0x0200af38                fss___elabb
                0x02008060                fss___init_proc__2
                0x0200906c                fss___init_proc__4
 .text          0x0200b59c      0x5e4 /usr/local/openravenscar/lib/gcc-lib/sparc-ork-elf/2.8.1/adalib/libgnarl.a(a-reatim.o)
                0x0200b5c8                ada__real_time__Oadd__2
                0x0200b79c                ada__real_time__split
                0x0200b5b8                ada__real_time__Oadd
                0x0200b618                ada__real_time__Osubtract__4
                0x0200b71c                ada__real_time__nanoseconds
                0x0200b688                ada__real_time__Odivide__2
                0x0200b644                ada__real_time__Odivide
                0x0200b5f8                ada__real_time__Osubtract__2
                0x0200b70c                ada__real_time__to_duration
                0x0200bab4                ada__real_time__time_of
                0x0200b5d8                ada__real_time__Oadd__3
                0x0200b76c                ada__real_time__milliseconds
                0x0200b59c                ada__real_time__clock
                0x0200b740                ada__real_time__microseconds
                0x0200b5e8                ada__real_time__Osubtract
                0x0200b608                ada__real_time__Osubtract__3
                0x0200b714                ada__real_time__to_time_span
                0x0200b6e0                ada__real_time__Omultiply__2
                0x0200b6b4                ada__real_time__Omultiply
 .text          0x0200bb80       0x68 /usr/local/openravenscar/lib/gcc-lib/sparc-ork-elf/2.8.1/adalib/libgnarl.a(a-retide.o)
                0x0200bbc4                ada__real_time__delays__to_duration
                0x0200bb80                ada__real_time__delays__delay_until
 .text          0x0200bbe8      0xcc4 /usr/local/openravenscar/lib/gcc-lib/sparc-ork-elf/2.8.1/adalib/libgnarl.a(s-interr.o)
                0x0200bea4                system__interrupts__is_reserved
                0x0200bc0c                system__interrupts___elabs
                0x0200c63c                system__interrupts__install_handlers
                0x0200bcf8                system__interrupts__ada_interrupt_wrapper
                0x0200bf1c                system__interrupts__current_handler__3
                0x0200c7b8                system__interrupts___init_proc__4
                0x0200c7c4                system__interrupts___init_proc__5
                0x0200c764                system__interrupts___init_proc__2
                0x0200c5d4                system__interrupts__reference
                0x0200bddc                system__interrupts__register_interrupt_handler
                0x0200c894                system__interrupts___init_proc__7
                0x0200c75c                system__interrupts___init_proc
                0x0200c3f8                system__interrupts__detach_handler__3
                0x0200c1a0                system__interrupts__exchange_handler
                0x0200bf98                system__interrupts__attach_handler__3
                0x0200beb8                system__interrupts__is_handler_attached
                0x0200be30                system__interrupts__is_registered
                0x0200c8a0                system__interrupts___init_proc__8
                0x0200c604                system__interrupts__finalize
                0x0200c6f4                system__interrupts___elabb
                0x0200bbe8                system__interrupts___size
                0x0200c770                system__interrupts___init_proc__3
                0x0200c634                system__interrupts__has_interrupt_or_attach_handler
                0x0200c814                system__interrupts___init_proc__6
 .text          0x0200c8ac       0x54 /usr/local/openravenscar/lib/gcc-lib/sparc-ork-elf/2.8.1/adalib/libgnarl.a(s-osinte.o)
                0x0200c8d8                system__os_interface__detach_handler
                0x0200c8ac                system__os_interface__priority_of_interrupt
                0x0200c8c0                system__os_interface__attach_handler
                0x0200c8ec                system__os_interface__current_handler
 .text          0x0200c900      0x10c /usr/local/openravenscar/lib/gcc-lib/sparc-ork-elf/2.8.1/adalib/libgnarl.a(s-taprob.o)
                0x0200c9ec                system__tasking__protected_objects___init_proc
                0x0200c9bc                system__tasking__protected_objects__unlock
                0x0200c92c                system__tasking__protected_objects__lock
                0x0200c9f8                system__tasking__protected_objects___init_proc__2
                0x0200c900                system__tasking__protected_objects__initialize_protection
                0x0200c974                system__tasking__protected_objects__lock_read_only
                0x0200c9d4                system__tasking__protected_objects__finalize_protection
 .text          0x0200ca0c      0x978 /usr/local/openravenscar/lib/gcc-lib/sparc-ork-elf/2.8.1/adalib/libgnarl.a(s-taprop.o)
                0x0200cc8c                system__task_primitives__operations__get_priority
                0x0200cb04                system__task_primitives__operations__unlock__2
                0x0200ce64                system__task_primitives__operations__check_no_locks
                0x0200ca88                system__task_primitives__operations__write_lock
                0x0200cec4                system__task_primitives__operations__resume_task
                0x0200cf44                system__task_primitives__operations___elabb
                0x0200cbd0                system__task_primitives__operations__clock
                0x0200caa4                system__task_primitives__operations__write_lock__2
                0x0200ca44                system__task_primitives__operations__get_thread_id
                0x0200cb58                system__task_primitives__operations__timed_delay
                0x0200cc6c                system__task_primitives__operations__set_priority
                0x0200cb34                system__task_primitives__operations__timed_sleep
                0x0200ca28                system__task_primitives__operations__self
                0x0200cb1c                system__task_primitives__operations__sleep
                0x0200ce48                system__task_primitives__operations__set_exit_task_procedure
                0x0200caf0                system__task_primitives__operations__unlock
                0x0200ce7c                system__task_primitives__operations__environment_task
                0x0200ca50                system__task_primitives__operations__initialize_lock
                0x0200d178                system__task_primitives__operations___init_proc
                0x0200ce2c                system__task_primitives__operations__exit_task
                0x0200cbf4                system__task_primitives__operations__wakeup
                0x0200ca0c                system__task_primitives__operations__set
                0x0200ce54                system__task_primitives__operations__abort_task
                0x0200ce88                system__task_primitives__operations__lock_all_tasks_list
                0x0200cabc                system__task_primitives__operations__write_lock__3
                0x0200ce1c                system__task_primitives__operations__finalize_tcb
                0x0200cd08                system__task_primitives__operations__new_atcb
                0x0200cebc                system__task_primitives__operations__suspend_task
                0x0200cc08                system__task_primitives__operations__yield
                0x0200cea4                system__task_primitives__operations__unlock_all_tasks_list
                0x0200cecc                system__task_primitives__operations__initialize
                0x0200ce5c                system__task_primitives__operations__check_exit
                0x0200cd80                system__task_primitives__operations__initialize_tcb
                0x0200ca3c                system__task_primitives__operations__stack_guard
                0x0200ca80                system__task_primitives__operations__finalize_lock
                0x0200ce24                system__task_primitives__operations__default_exit_task_procedure
                0x0200cdbc                system__task_primitives__operations__create_task
                0x0200ca68                system__task_primitives__operations__initialize_lock__2
                0x0200cad4                system__task_primitives__operations__read_lock
                0x0200cca4                system__task_primitives__operations__enter_task
 .text          0x0200d384      0x924 /usr/local/openravenscar/lib/gcc-lib/sparc-ork-elf/2.8.1/adalib/libgnarl.a(s-tarest.o)
                0x0200d5f8                system__tasking__restricted__stages__create_restricted_task
                0x0200daf8                system__tasking__restricted__stages__restricted_terminated
                0x0200d808                system__tasking__restricted__stages__activate_restricted_tasks
                0x0200d9c8                system__tasking__restricted__stages__complete_restricted_activation
                0x0200db0c                system__tasking__restricted__stages__finalize_global_tasks
                0x0200db60                system__tasking__restricted__stages___elabb
                0x0200da98                system__tasking__restricted__stages__complete_restricted_task
 .text          0x0200dca8      0xf44 /usr/local/openravenscar/lib/gcc-lib/sparc-ork-elf/2.8.1/adalib/libgnarl.a(s-tasdeb.o)
                0x0200e920                system__tasking__debug__image
                0x0200ebc4                system__tasking__debug___init_proc__2
                0x0200e5fc                system__tasking__debug__print_current_task
                0x0200e870                system__tasking__debug__trace__2
                0x0200dca8                system__tasking__debug___elabs
                0x0200e618                system__tasking__debug__list_tasks
                0x0200eac8                system__tasking__debug__resume_all_tasks
                0x0200dd20                system__tasking__debug__set_user_state
                0x0200e448                system__tasking__debug__print_task_info_header
                0x0200eb84                system__tasking__debug___init_proc
                0x0200dd0c                system__tasking__debug__self
                0x0200eb00                system__tasking__debug___elabb
                0x0200e658                system__tasking__debug__print_accept_info
                0x0200e90c                system__tasking__debug__set_trace
                0x0200e71c                system__tasking__debug__trace
                0x0200e8a4                system__tasking__debug__trace__3
                0x0200e8d8                system__tasking__debug__trace__4
                0x0200e008                system__tasking__debug__print_task_info
                0x0200dd04                system__tasking__debug__task_termination_hook
                0x0200dcfc                system__tasking__debug__task_creation_hook
                0x0200ea90                system__tasking__debug__suspend_all_tasks
 .text          0x0200ebec      0x75c /usr/local/openravenscar/lib/gcc-lib/sparc-ork-elf/2.8.1/adalib/libgnarl.a(s-taskin.o)
                0x0200f000                system__tasking___init_proc__3
                0x0200f2a8                system__tasking___init_proc__8
                0x0200f268                system__tasking___init_proc__7
                0x0200ebec                system__tasking__self
                0x0200efc8                system__tasking___init_proc__2
                0x0200ed28                system__tasking___elabb
                0x0200f07c                system__tasking___init_proc__4
                0x0200f2b4                system__tasking___init_proc__9
                0x0200ef74                system__tasking___init_proc
                0x0200f0d0                system__tasking___init_proc__6
                0x0200ec00                system__tasking__initialize_atcb
                0x0200f088                system__tasking___init_proc__5
 .text          0x0200f348       0x14 /usr/local/openravenscar/lib/gcc-lib/sparc-ork-elf/2.8.1/adalib/libgnarl.a(s-taspri.o)
                0x0200f348                system__task_primitives___init_proc
 .text          0x0200f35c      0x8cc /usr/local/openravenscar/lib/gcc-lib/sparc-ork-elf/2.8.1/adalib/libgnarl.a(s-tposen.o)
                0x0200f59c                system__tasking__protected_objects__single_entry__check_exception
                0x0200f37c                system__tasking__protected_objects__single_entry___elabs
                0x0200f35c                system__tasking__protected_objects__single_entry___size
                0x0200f6a4                system__tasking__protected_objects__single_entry__po_do_or_queue
                0x0200fad0                system__tasking__protected_objects__single_entry__timed_protected_single_entry_call
                0x0200f374                system__tasking__protected_objects__single_entry___deep_finalize
                0x0200f504                system__tasking__protected_objects__single_entry__wait_for_completion
                0x0200f5c0                system__tasking__protected_objects__single_entry__initialize_protection_entry
                0x0200f644                system__tasking__protected_objects__single_entry__lock_read_only_entry
                0x0200fbcc                system__tasking__protected_objects__single_entry__protected_count_entry
                0x0200fbb8                system__tasking__protected_objects__single_entry__complete_single_entry_body
                0x0200f834                system__tasking__protected_objects__single_entry__service_entry
                0x0200fbe4                system__tasking__protected_objects__single_entry__protected_single_entry_caller
                0x0200f5fc                system__tasking__protected_objects__single_entry__lock_entry
                0x0200f68c                system__tasking__protected_objects__single_entry__unlock_entry
                0x0200f9c0                system__tasking__protected_objects__single_entry__protected_single_entry_call
                0x0200f4ac                system__tasking__protected_objects__single_entry__send_program_error
                0x0200f4e8                system__tasking__protected_objects__single_entry__wakeup_entry_caller
                0x0200f850                system__tasking__protected_objects__single_entry__po_service_entry
                0x0200fbc0                system__tasking__protected_objects__single_entry__exceptional_complete_single_entry_body
                0x0200f52c                system__tasking__protected_objects__single_entry__wait_for_completion_with_timeout
                0x0200fbf8                system__tasking__protected_objects__single_entry___init_proc
 .text          0x0200fc28      0x1f0 /usr/local/openravenscar/lib/gcc-lib/sparc-ork-elf/2.8.1/adalib/libgnarl.a(kernel-interrupts.o)
                0x0200fcf0                kernel_detach_interrupt_handler
                0x0200fd38                kernel__interrupts___elabb
                0x0200fc28                kernel__interrupts__null_handler
                0x0200fc30                kernel__interrupts__wrapper
                0x0200fd18                kernel_current_interrupt_handler
                0x0200fc90                kernel_attach_interrupt_handler
                0x0200fdbc                kernel__interrupts___init_proc__2
                0x0200fda4                kernel__interrupts___init_proc
 .text          0x0200fe18      0x5dc /usr/local/openravenscar/lib/gcc-lib/sparc-ork-elf/2.8.1/adalib/libgnarl.a(kernel-threads.o)
                0x0200fe18                kernel__threads___elabs
                0x020103b8                kernel__threads___init_proc__3
                0x02010088                kernel_yield
                0x02010188                kernel_check_no_mutexes
                0x02010198                kernel_condition_init
                0x0200ffe8                kernel__threads__set_active_priority
                0x0200ff9c                kernel_set_priority
                0x0201025c                kernel_condition_signal
                0x020102bc                kernel_thread_create
                0x0200fea4                kernel__threads__default_dummy_task_function
                0x02010384                kernel_thread_self
                0x0200fe54                kernel__threads__thread_caller
                0x020101a0                kernel_condition_wait
                0x0200feb4                kernel_initialize
                0x02010128                kernel_mutex_unlock
                0x020100d0                kernel_mutex_lock
                0x020100c4                kernel_mutex_init
                0x02010394                kernel__threads___elabb
                0x020103a4                kernel__threads___init_proc
                0x020103b0                kernel__threads___init_proc__2
                0x0201006c                kernel_get_priority
 .text          0x020103f4       0x28 /usr/local/openravenscar/lib/gcc-lib/sparc-ork-elf/2.8.1/adalib/libgnarl.a(kernel-threads-atcb.o)
                0x0201040c                kernel__threads__atcb___elabb
                0x020103fc                kernel__threads__atcb__thread_self_atcb
                0x020103f4                kernel__threads__atcb__set_atcb
 .text          0x0201041c      0x478 /usr/local/openravenscar/lib/gcc-lib/sparc-ork-elf/2.8.1/adalib/libgnarl.a(kernel-threads-queues.o)
                0x02010634                kernel__threads__queues__insert_alarm
                0x020104d8                kernel__threads__queues__insert_at_tail
                0x02010434                kernel__threads__queues__insert_at_head
                0x02010700                kernel__threads__queues__extract_first_alarm
                0x020105e8                kernel__threads__queues__get_new_thread_descriptor
                0x02010804                kernel__threads__queues___init_proc
                0x0201057c                kernel__threads__queues__extract_from_ready
                0x0201072c                kernel__threads__queues__get_next_alarm_time
                0x02010760                kernel__threads__queues___elabb
                0x020105c4                kernel__threads__queues__next_running
                0x02010428                kernel__threads__queues__environment_thread_id
                0x0201041c                kernel__threads__queues__dummy_thread_id
 .text          0x02010894      0x108 /usr/local/openravenscar/lib/gcc-lib/sparc-ork-elf/2.8.1/adalib/libgnarl.a(kernel-threads-protection.o)
                0x020108b8                kernel__threads__protection__leave_kernel
                0x02010894                kernel__threads__protection__dispatch
                0x0201098c                kernel__threads__protection___elabb
                0x020108a4                kernel__threads__protection__enter_kernel
 .text          0x0201099c      0x3c4 /usr/local/openravenscar/lib/gcc-lib/sparc-ork-elf/2.8.1/adalib/libgnarl.a(kernel-time.o)
                0x02010a54                kernel_delay_until
                0x0201099c                kernel_clock
                0x02010d20                kernel__time___elabb
 .text          0x02010d60       0x9c /usr/local/openravenscar/lib/gcc-lib/sparc-ork-elf/2.8.1/adalib/libgnarl.a(kernel-memory.o)
                0x02010dbc                kernel__memory___elabb
                0x02010d68                kernel_new_stack
                0x02010d60                kernel_new_memory_region
 .text          0x02010dfc       0x88 /usr/local/openravenscar/lib/gcc-lib/sparc-ork-elf/2.8.1/adalib/libgnarl.a(kernel-cpu_primitives.o)
                0x02010dfc                kernel__cpu_primitives__context_switch
                0x02010e08                kernel__cpu_primitives__initialize_context
                0x02010e74                kernel__cpu_primitives___elabb
 .text          0x02010e84       0x44 /usr/local/openravenscar/lib/gcc-lib/sparc-ork-elf/2.8.1/adalib/libgnarl.a(kernel-peripherals-registers.o)
                0x02010e84                kernel__peripherals__registers___elabs
 .text          0x02010ec8      0x6ac /usr/local/openravenscar/lib/gcc-lib/sparc-ork-elf/2.8.1/adalib/libgnarl.a(kernel-peripherals.o)
                0x02010ed8                kernel__peripherals__stop_watch_dog
                0x02010ec8                kernel__peripherals__to_vector
                0x02010ef4                kernel__peripherals__init_clock
                0x020114c0                kernel__peripherals___elabb
                0x02010fd8                kernel__peripherals__cancel_and_set_alarm
                0x02010fb4                kernel__peripherals__init_board
                0x02010fec                kernel__peripherals__set_alarm
                0x02011160                kernel__peripherals__read_clock
                0x020111d0                kernel__peripherals__clear_alarm_interrupt
                0x02011400                kernel__peripherals__uart_send
                0x020111d8                kernel__peripherals__clear_clock_interrupt
                0x02011314                kernel__peripherals__init_uart
                0x02010eec                kernel__peripherals__memory_configuration
                0x020111e0                kernel__peripherals__protect_segment
                0x02010ed0                kernel__peripherals__priority_of_interrupt
 .text          0x02011574       0xe4 /usr/local/openravenscar/lib/gcc-lib/sparc-ork-elf/2.8.1/adalib/libgnarl.a(kernel-serial_output.o)
                0x020115cc                kernel_new_line
                0x020115e0                kernel_put_line_c
                0x0201158c                kernel__serial_output__put__2
                0x02011574                kernel_put_c
                0x020115fc                kernel__serial_output__put_line__2
                0x0201162c                kernel__serial_output___elabb
 .text          0x02011658      0x2dc /usr/local/openravenscar/lib/gcc-lib/sparc-ork-elf/2.8.1/adalib/libgnarl.a(context.o)
                0x0201192c                exit_from_context_switch
                0x02011658                context_switch
                0x02011664                context_trap
 .text          0x02011934      0x60c /usr/local/openravenscar/lib/gcc-lib/sparc-ork-elf/2.8.1/adalib/libgnarl.a(install_handler.o)
                0x020119ec                set_next_running
                0x02011934                enable_traps
                0x02011998                install_trap_handler
                0x02011948                install_int_handler
 .text          0x02011f40       0x34 /usr/local/openravenscar/lib/gcc-lib/sparc-ork-elf/2.8.1/adalib/libgnarl.a(int_level.o)
                0x02011f40                disable_interrupts
                0x02011f58                enable_interrupts
 .text          0x02011f74     0x25c0 /usr/local/openravenscar/lib/gcc-lib/sparc-ork-elf/2.8.1/adalib/libgnat.a(a-except.o)
                0x020137dc                ada__exceptions__sdp_table_sort_move
                0x0201393c                ada__exceptions__string_to_eid
                0x02012ff8                __gnat_raise_nodefer_with_msg
                0x020121a4                ada__exceptions__current_target_exception
                0x02013170                ada__exceptions__raise_from_signal_handler
                0x02011ff4                ada__exceptions__address_image
                0x020133f4                ada__exceptions__save_occurrence
                0x02013fd8                __gnat_notify_exception
                0x02012cb8                ada__exceptions__propagate_exception
                0x02012b2c                ada__exceptions__exception_name_simple
                0x02013348                __gnat_reraise
                0x020130d8                __gnat_raise_exception
                0x02011f74                ada__exceptions___elabs
                0x020120fc                __gnat_break_start
                0x020120e8                ada__exceptions__allocate_machine_state
                0x020121c8                ada__exceptions__deallocate_machine_state
                0x0201247c                ada__exceptions__exception_information
                0x020132a8                __gnat_raise_storage_error
                0x02012238                ada__exceptions__eo_to_string
                0x02013740                ada__exceptions__sdp_table_sort_lt
                0x0201444c                ada__exceptions__raise_exception_no_defer
                0x02012a38                ada__exceptions__exception_name__2
                0x020144f4                ada__exceptions__zzz
                0x02011fe4                ada__exceptions__poll
                0x020132c8                ada__exceptions__raise_with_c_msg
                0x0201406c                ada__exceptions__unhandled_exception_terminate
                0x020121dc                ada__exceptions__eid_to_string
                0x02013488                ada__exceptions__save_occurrence__2
                0x02013234                ada__exceptions__raise_with_location
                0x0201320c                ada__exceptions__raise_no_msg
                0x02012974                ada__exceptions__exception_message
                0x0201380c                ada__exceptions__set_exception_c_msg
                0x02013a64                ada__exceptions__string_to_eo
                0x02013268                __gnat_raise_constraint_error
                0x02013380                ada__exceptions__reraise_occurrence
                0x020144fc                ada__exceptions___elabb
                0x02014524                ada__exceptions___init_proc
                0x02012afc                ada__exceptions__exception_name
                0x02011fec                ada__exceptions__aaa
                0x020133c8                ada__exceptions__reraise_occurrence_no_defer
                0x02012298                ada__exceptions__exception_identity
                0x020134b4                __gnat_SDP_Table_Build
                0x02013fd0                __gnat_unhandled_exception
                0x02012104                ada__exceptions__call_chain
                0x020132fc                __gnat_raise_with_msg
                0x02013288                __gnat_raise_program_error
 .text          0x02014534      0x2ec /usr/local/openravenscar/lib/gcc-lib/sparc-ork-elf/2.8.1/adalib/libgnat.a(a-filico.o)
                0x02014580                ada__finalization__list_controller___deep_finalize__2
                0x020147ec                ada__finalization__list_controller___init_proc__2
                0x020147b0                ada__finalization__list_controller__finalize
                0x02014570                ada__finalization__list_controller___size__2
                0x020147c8                ada__finalization__list_controller___init_proc
                0x0201477c                ada__finalization__list_controller__finalize__2
                0x020145ac                ada__finalization__list_controller___elabs
                0x02014534                ada__finalization__list_controller___size
                0x02014764                ada__finalization__list_controller__initialize__2
                0x02014544                ada__finalization__list_controller___deep_finalize
 .text          0x02014820      0x560 /usr/local/openravenscar/lib/gcc-lib/sparc-ork-elf/2.8.1/adalib/libgnat.a(a-finali.o)
                0x02014a80                ada__finalization___size__4
                0x02014d00                ada__finalization__initialize
                0x02014d18                ada__finalization__Oeq__2
                0x02014d40                ada__finalization___init_proc
                0x02014848                ada__finalization___write__3
                0x02014d38                ada__finalization__finalize__2
                0x02014820                ada__finalization___size__3
                0x02014830                ada__finalization___read__3
                0x02014d08                ada__finalization__adjust
                0x02014d60                ada__finalization___init_proc__2
                0x02014abc                ada__finalization___elabs
                0x02014d10                ada__finalization__finalize
                0x02014a2c                ada__finalization___deep_adjust
                0x02014d30                ada__finalization__initialize__2
                0x02014860                ada__finalization___assign__3
                0x02014a54                ada__finalization___deep_finalize
                0x02014a90                ada__finalization___deep_finalize__2
 .text          0x02014d80       0x6c /usr/local/openravenscar/lib/gcc-lib/sparc-ork-elf/2.8.1/adalib/libgnat.a(a-ioexce.o)
                0x02014d80                ada__io_exceptions___elabs
 .text          0x02014dec     0x1e98 /usr/local/openravenscar/lib/gcc-lib/sparc-ork-elf/2.8.1/adalib/libgnat.a(a-nuelfu.o)
                0x020168a8                ada__numerics__elementary_functions__sinh
                0x02015730                ada__numerics__elementary_functions__arcsin
                0x02015518                ada__numerics__elementary_functions__arccosh
                0x0201595c                ada__numerics__elementary_functions__arcsinh
                0x02014dec                ada__numerics__elementary_functions__Oexpon
                0x0201562c                ada__numerics__elementary_functions__arccoth
                0x02015610                ada__numerics__elementary_functions__arccot__2
                0x02015804                ada__numerics__elementary_functions__arcsin__2
                0x02015b8c                ada__numerics__elementary_functions__arctan__2
                0x020153ac                ada__numerics__elementary_functions__arccos__2
                0x02015e8c                ada__numerics__elementary_functions__cos
                0x020169b4                ada__numerics__elementary_functions__sqrt
                0x02016ac0                ada__numerics__elementary_functions__tan__2
                0x020167ac                ada__numerics__elementary_functions__sin__2
                0x0201663c                ada__numerics__elementary_functions__log__2
                0x02016090                ada__numerics__elementary_functions__cot__2
                0x02016bf0                ada__numerics__elementary_functions__tanh
                0x020161f8                ada__numerics__elementary_functions__coth
                0x02016580                ada__numerics__elementary_functions__log
                0x02015f3c                ada__numerics__elementary_functions__cosh
                0x020155f8                ada__numerics__elementary_functions__arccot
                0x02015a7c                ada__numerics__elementary_functions__arctan
                0x02016764                ada__numerics__elementary_functions__sin
                0x020152ac                ada__numerics__elementary_functions__arccos
                0x02015ef8                ada__numerics__elementary_functions__cos__2
                0x02016a38                ada__numerics__elementary_functions__tan
                0x020162ec                ada__numerics__elementary_functions__exp
                0x02015fe8                ada__numerics__elementary_functions__cot
                0x02015d00                ada__numerics__elementary_functions__arctanh
 .text          0x02016c84       0x18 /usr/local/openravenscar/lib/gcc-lib/sparc-ork-elf/2.8.1/adalib/libgnat.a(a-numeri.o)
                0x02016c84                ada__numerics___elabs
 .text          0x02016c9c       0xc0 /usr/local/openravenscar/lib/gcc-lib/sparc-ork-elf/2.8.1/adalib/libgnat.a(a-stream.o)
                0x02016cb4                ada__streams___elabs
                0x02016cac                ada__streams___deep_finalize
                0x02016c9c                ada__streams___size
                0x02016d4c                ada__streams___init_proc
 .text          0x02016d5c      0x934 /usr/local/openravenscar/lib/gcc-lib/sparc-ork-elf/2.8.1/adalib/libgnat.a(a-tags.o)
                0x020173c4                ada__tags__length
                0x02017630                ada__tags___init_proc
                0x02016ed0                ada__tags__external_tag_htable__removeXn
                0x020174e8                ada__tags__get_rc_offset
                0x02017604                ada__tags__set_remotely_callable
                0x020175cc                ada__tags__set_prim_op_address
                0x020175ac                ada__tags__register_tag
                0x0201754c                ada__tags__inherit_tsd
                0x02016d5c                ada__tags___elabs
                0x020174c4                ada__tags__get_expanded_name
                0x020175e0                ada__tags__set_expanded_name
                0x020174f4                ada__tags__get_remotely_callable
                0x020170ec                ada__tags__expanded_name
                0x02016d74                ada__tags__external_tag_htable__getXn
                0x020174dc                ada__tags__get_inheritance_depth
                0x0201750c                ada__tags__get_tsd
                0x02016fc8                ada__tags__external_tag_htable__setXn
                0x02017484                ada__tags__cw_membership
                0x02017514                ada__tags__inherit_dt
                0x02016e1c                ada__tags__external_tag_htable__get_nextXn
                0x020171f4                ada__tags__get_external_tag
                0x02017218                ada__tags__internal_tag
                0x02017638                ada__tags___init_proc__2
                0x02017420                ada__tags___elabb
                0x020175d8                ada__tags__set_tsd
                0x020175ec                ada__tags__set_external_tag
                0x0201703c                ada__tags__get_ht_link
                0x020173f8                ada__tags__parent_size
                0x02017004                ada__tags__equal
                0x02016de8                ada__tags__external_tag_htable__get_firstXn
                0x020175c0                ada__tags__set_inheritance_depth
                0x02017170                ada__tags__external_tag
                0x02016e58                ada__tags__external_tag_htable__get_non_nullXn
                0x020174d0                ada__tags__get_prim_op_address
                0x020175f8                ada__tags__set_rc_offset
                0x020170a8                ada__tags__hash
                0x02016f88                ada__tags__external_tag_htable__resetXn
                0x020170e0                ada__tags__set_ht_link
                0x02017644                ada__tags__external_tag_htable___init_procXn
 .text          0x02017690      0x25c /usr/local/openravenscar/lib/gcc-lib/sparc-ork-elf/2.8.1/adalib/libgnat.a(g-except.o)
                0x020177dc                gnat__exceptions___deep_finalize
                0x020176a8                gnat__exceptions___write
                0x020176e4                gnat__exceptions___output
                0x02017704                gnat__exceptions___assign
                0x020176b0                gnat__exceptions___input
                0x020177e4                gnat__exceptions___elabs
                0x020176a0                gnat__exceptions___read
                0x02017690                gnat__exceptions___size
                0x020178dc                gnat__exceptions___init_proc
                0x020176fc                gnat__exceptions__Oeq
                0x020177d4                gnat__exceptions___deep_adjust
 .text          0x020178ec      0x174 /usr/local/openravenscar/lib/gcc-lib/sparc-ork-elf/2.8.1/adalib/libgnat.a(g-hesora.o)
                0x020179bc                gnat__heap_sort_a__sort
 .text          0x02017a60      0xc6c /usr/local/openravenscar/lib/gcc-lib/sparc-ork-elf/2.8.1/adalib/libgnat.a(i-c.o)
                0x02018370                interfaces__c__to_c__4
                0x02017eb0                interfaces__c__to_ada__6
                0x02017ac4                interfaces__c__is_nul_terminated__2
                0x02017b14                interfaces__c__to_ada
                0x02017b1c                interfaces__c__to_ada__2
                0x02017fd8                interfaces__c__to_c
                0x02017a78                interfaces__c__is_nul_terminated
                0x02018524                interfaces__c__to_c__6
                0x02017c50                interfaces__c__to_ada__3
                0x02017a60                interfaces__c___elabs
                0x020181d8                interfaces__c__to_c__3
                0x02017d70                interfaces__c__to_ada__5
                0x02018378                interfaces__c__to_c__5
                0x02017fe0                interfaces__c__to_c__2
                0x02017d68                interfaces__c__to_ada__4
 .text          0x020186cc     0x13b4 /usr/local/openravenscar/lib/gcc-lib/sparc-ork-elf/2.8.1/adalib/libgnat.a(s-arit64.o)
                0x02018808                system__arith_64__hi
                0x02018db0                system__arith_64__scaled_divide
                0x02018d80                system__arith_64__raise_error
                0x02018780                system__arith_64__Odivide
                0x020186f4                system__arith_64__Oadd__2
                0x020199ac                system__arith_64__subtract_with_ovflo_check
                0x02018724                system__arith_64__Omultiply
                0x02018818                system__arith_64__lo
                0x02018754                system__arith_64__Omultiply__2
                0x0201888c                system__arith_64__double_divide
                0x02018b7c                system__arith_64__multiply_with_ovflo_check
                0x02019a60                system__arith_64__to_pos_int
                0x020186cc                system__arith_64__Oadd
                0x020187d8                system__arith_64__Oconcat
                0x02019a28                system__arith_64__to_neg_int
                0x020187ac                system__arith_64__Orem
                0x02018820                system__arith_64__add_with_ovflo_check
                0x0201870c                system__arith_64__Osubtract
 .text          0x02019a80      0x16c /usr/local/openravenscar/lib/gcc-lib/sparc-ork-elf/2.8.1/adalib/libgnat.a(s-except.o)
                0x02019aa4                system__exceptions___init_proc
                0x02019a80                system__exceptions___elabs
                0x02019b4c                system__exceptions___init_proc__4
                0x02019aec                system__exceptions___init_proc__3
                0x02019b8c                system__exceptions___init_proc__5
                0x02019aac                system__exceptions___init_proc__2
 .text          0x02019bec      0x54c /usr/local/openravenscar/lib/gcc-lib/sparc-ork-elf/2.8.1/adalib/libgnat.a(s-exctab.o)
                0x02019f00                system__exception_table__get_key
                0x02019c94                system__exception_table__exception_htable__get_nextXn
                0x02019ec8                system__exception_table__equal
                0x02019e40                system__exception_table__exception_htable__setXn
                0x0201a0ec                system__exception_table__exception_htable___init_procXn
                0x02019bec                system__exception_table__exception_htable__getXn
                0x02019e84                system__exception_table__get_ht_link
                0x02019e00                system__exception_table__exception_htable__resetXn
                0x02019e7c                system__exception_table__set_ht_link
                0x02019f08                system__exception_table__internal_exception
                0x02019cd0                system__exception_table__exception_htable__get_non_nullXn
                0x02019e8c                system__exception_table__hash
                0x02019c60                system__exception_table__exception_htable__get_firstXn
                0x0201a03c                system__exception_table___elabb
                0x0201a028                system__exception_table__register_exception
                0x02019d48                system__exception_table__exception_htable__removeXn
 .text          0x0201a138      0x1c4 /usr/local/openravenscar/lib/gcc-lib/sparc-ork-elf/2.8.1/adalib/libgnat.a(s-exnflt.o)
                0x0201a138                system__exn_flt__exn_float
 .text          0x0201a2fc      0xb2c /usr/local/openravenscar/lib/gcc-lib/sparc-ork-elf/2.8.1/adalib/libgnat.a(s-fatflt.o)
                0x0201acb0                system__fat_flt__fat_float__truncation
                0x0201a440                system__fat_flt__fat_float__decompose
                0x0201a7d4                system__fat_flt__fat_float__model
                0x0201a6dc                system__fat_flt__fat_float__floor
                0x0201a7e8                system__fat_flt__fat_float__pred
                0x0201aab0                system__fat_flt__fat_float__scaling
                0x0201a764                system__fat_flt__fat_float__leading_part
                0x0201ad60                system__fat_flt__fat_float__unbiased_rounding
                0x0201a354                system__fat_flt__fat_float__ceiling
                0x0201a3b4                system__fat_flt__fat_float__compose
                0x0201a6b4                system__fat_flt__fat_float__exponent
                0x0201a73c                system__fat_flt__fat_float__fraction
                0x0201a62c                system__fat_flt__fat_float__gradual_scaling
                0x0201a8a0                system__fat_flt__fat_float__remainder
                0x0201aa28                system__fat_flt__fat_float__rounding
                0x0201a2fc                system__fat_flt__fat_float__adjacent
                0x0201abc8                system__fat_flt__fat_float__succ
                0x0201ae08                system__fat_flt__fat_float__valid
                0x0201a3e4                system__fat_flt__fat_float__copy_sign
                0x0201a7c0                system__fat_flt__fat_float__machine
 .text          0x0201ae28     0x13dc /usr/local/openravenscar/lib/gcc-lib/sparc-ork-elf/2.8.1/adalib/libgnat.a(s-finimp.o)
                0x0201c048                system__finalization_implementation__deep_tag_attach
                0x0201b054                system__finalization_implementation___read__2
                0x0201b6a8                system__finalization_implementation__detach_from_final_list
                0x0201aeec                system__finalization_implementation___output
                0x0201bb04                system__finalization_implementation__finalize_list
                0x0201b120                system__finalization_implementation__Oeq__2
                0x0201c1d4                system__finalization_implementation___init_proc__2
                0x0201af4c                system__finalization_implementation___assign
                0x0201c100                system__finalization_implementation__initialize__2
                0x0201b50c                system__finalization_implementation__attach_to_final_list
                0x0201beac                system__finalization_implementation__deep_tag_adjust
                0x0201b168                system__finalization_implementation___assign__2
                0x0201af04                system__finalization_implementation__Oeq
                0x0201ae94                system__finalization_implementation___input
                0x0201ae70                system__finalization_implementation___write
                0x0201bdbc                system__finalization_implementation__deep_tag_initialize
                0x0201c0f8                system__finalization_implementation__initialize
                0x0201c1b0                system__finalization_implementation___init_proc
                0x0201b078                system__finalization_implementation___write__2
                0x0201b268                system__finalization_implementation___elabs
                0x0201b108                system__finalization_implementation___output__2
                0x0201b09c                system__finalization_implementation___input__2
                0x0201ae38                system__finalization_implementation___read
                0x0201bc70                system__finalization_implementation__finalize_one
                0x0201bf78                system__finalization_implementation__deep_tag_finalize
                0x0201bc48                system__finalization_implementation__finalize_global_list
                0x0201c19c                system__finalization_implementation__finalize
                0x0201b044                system__finalization_implementation___size__2
                0x0201c168                system__finalization_implementation__adjust__2
                0x0201ae28                system__finalization_implementation___size
 .text          0x0201c204      0x658 /usr/local/openravenscar/lib/gcc-lib/sparc-ork-elf/2.8.1/adalib/libgnat.a(s-finroo.o)
                0x0201c204                system__finalization_root___size
                0x0201c838                system__finalization_root___init_proc__2
                0x0201c214                system__finalization_root___read
                0x0201c54c                system__finalization_root___elabs
                0x0201c404                system__finalization_root__Oeq__2
                0x0201c394                system__finalization_root___input__2
                0x0201c21c                system__finalization_root___write
                0x0201c22c                system__finalization_root___assign
                0x0201c7f8                system__finalization_root__finalize
                0x0201c3ec                system__finalization_root___output__2
                0x0201c798                system__finalization_root__initialize
                0x0201c224                system__finalization_root__Oeq
                0x0201c30c                system__finalization_root___read__2
                0x0201c364                system__finalization_root___write__2
                0x0201c2fc                system__finalization_root___size__2
                0x0201c7c8                system__finalization_root__adjust
                0x0201c45c                system__finalization_root___assign__2
                0x0201c828                system__finalization_root___init_proc
 .text          0x0201c85c      0x1b4 /usr/local/openravenscar/lib/gcc-lib/sparc-ork-elf/2.8.1/adalib/libgnat.a(s-imgint.o)
                0x0201c998                system__img_int__set_image_integer
                0x0201c85c                system__img_int__image_integer
 .text          0x0201ca10      0xbc8 /usr/local/openravenscar/lib/gcc-lib/sparc-ork-elf/2.8.1/adalib/libgnat.a(s-imgrea.o)
                0x0201ca10                system__img_real__image_ordinary_fixed_point
                0x0201d0fc                system__img_real__set_image_real
                0x0201cae4                system__img_real__image_floating_point
 .text          0x0201d5d8      0x160 /usr/local/openravenscar/lib/gcc-lib/sparc-ork-elf/2.8.1/adalib/libgnat.a(s-imguns.o)
                0x0201d5d8                system__img_uns__image_unsigned
                0x0201d6f8                system__img_uns__set_image_unsigned
 .text          0x0201d738       0x40 /usr/local/openravenscar/lib/gcc-lib/sparc-ork-elf/2.8.1/adalib/libgnat.a(s-mastop.o)
                0x0201d750                system__machine_state_operations__get_code_loc
                0x0201d738                system__machine_state_operations__allocate_machine_state
                0x0201d770                system__machine_state_operations__set_signal_machine_state
                0x0201d748                system__machine_state_operations__free_machine_state
                0x0201d758                system__machine_state_operations__machine_state_length
                0x0201d740                system__machine_state_operations__enter_handler
                0x0201d768                system__machine_state_operations__set_machine_state
                0x0201d760                system__machine_state_operations__pop_frame
 .text          0x0201d778       0x50 /usr/local/openravenscar/lib/gcc-lib/sparc-ork-elf/2.8.1/adalib/libgnat.a(s-parame.o)
                0x0201d780                system__parameters__minimum_stack_size
                0x0201d788                system__parameters__adjust_storage_size
                0x0201d778                system__parameters__default_stack_size
 .text          0x0201d7c8      0x314 /usr/local/openravenscar/lib/gcc-lib/sparc-ork-elf/2.8.1/adalib/libgnat.a(s-secsta.o)
                0x0201dad4                system__secondary_stack___init_proc__2
                0x0201da78                system__secondary_stack___elabb
                0x0201d7c8                system__secondary_stack__ss_allocate
                0x0201d9bc                system__secondary_stack__ss_free
                0x0201da58                system__secondary_stack__ss_release
                0x0201da38                system__secondary_stack__ss_mark
                0x0201dac0                system__secondary_stack___init_proc
                0x0201d958                system__secondary_stack__ss_init
 .text          0x0201dadc      0x1fc /usr/local/openravenscar/lib/gcc-lib/sparc-ork-elf/2.8.1/adalib/libgnat.a(s-sopco3.o)
                0x0201dadc                system__string_ops_concat_3__str_concat_3
 .text          0x0201dcd8      0x1e4 /usr/local/openravenscar/lib/gcc-lib/sparc-ork-elf/2.8.1/adalib/libgnat.a(s-stache.o)
                0x0201dcd8                system__stack_checking___elabs
                0x0201dcf0                _gnat_stack_check
                0x0201de74                system__stack_checking__set_stack_size
                0x0201deac                system__stack_checking___init_proc
                0x0201dd7c                system__stack_checking__invalidate_stack_cache
                0x0201de9c                system__stack_checking__update_stack_cache
 .text          0x0201debc       0x28 /usr/local/openravenscar/lib/gcc-lib/sparc-ork-elf/2.8.1/adalib/libgnat.a(s-stalib.o)
                0x0201debc                system__standard_library__abort_undefer_direct
                0x0201ded8                system__standard_library___init_proc
 .text          0x0201dee4       0x64 /usr/local/openravenscar/lib/gcc-lib/sparc-ork-elf/2.8.1/adalib/libgnat.a(s-stoele.o)
                0x0201df04                system__storage_elements__Omod
                0x0201df38                system__storage_elements__to_address
                0x0201deec                system__storage_elements__Oadd__2
                0x0201def4                system__storage_elements__Osubtract
                0x0201dee4                system__storage_elements__Oadd
                0x0201df40                system__storage_elements__to_integer
                0x0201defc                system__storage_elements__Osubtract__2
 .text          0x0201df48     0x102c /usr/local/openravenscar/lib/gcc-lib/sparc-ork-elf/2.8.1/adalib/libgnat.a(s-stratt.o)
                0x0201e660                system__stream_attributes__i_si
                0x0201e918                system__stream_attributes__w_ad
                0x0201e050                system__stream_attributes__i_b
                0x0201ea0c                system__stream_attributes__w_c
                0x0201e228                system__stream_attributes__i_lf
                0x0201e5d8                system__stream_attributes__i_sf
                0x0201ee94                system__stream_attributes__w_su
                0x0201e0b4                system__stream_attributes__i_c
                0x0201e358                system__stream_attributes__i_llf
                0x0201e7a0                system__stream_attributes__i_su
                0x0201e4a8                system__stream_attributes__i_llu
                0x0201ed90                system__stream_attributes__w_sf
                0x0201e818                system__stream_attributes__i_u
                0x0201ef30                system__stream_attributes__w_wc
                0x0201df48                system__stream_attributes__i_ad
                0x0201eed8                system__stream_attributes__w_u
                0x0201ed38                system__stream_attributes__w_lu
                0x0201e9d8                system__stream_attributes__w_b
                0x0201ec40                system__stream_attributes__w_lli
                0x0201e73c                system__stream_attributes__i_ssu
                0x0201e2d0                system__stream_attributes__i_li
                0x0201ee2c                system__stream_attributes__w_ssi
                0x0201ede8                system__stream_attributes__w_si
                0x0201eaf0                system__stream_attributes__w_lf
                0x0201e6d8                system__stream_attributes__i_ssi
                0x0201e118                system__stream_attributes__i_f
                0x0201eb6c                system__stream_attributes__w_li
                0x0201e988                system__stream_attributes__w_as
                0x0201ea98                system__stream_attributes__w_i
                0x0201e1a0                system__stream_attributes__i_i
                0x0201e400                system__stream_attributes__i_lli
                0x0201e8a0                system__stream_attributes__i_wc
                0x0201ebc4                system__stream_attributes__w_llf
                0x0201ee60                system__stream_attributes__w_ssu
                0x0201dfc0                system__stream_attributes__i_as
                0x0201ea40                system__stream_attributes__w_f
                0x0201ecbc                system__stream_attributes__w_llu
                0x0201e550                system__stream_attributes__i_lu
 .text          0x0201ef74      0x5b8 /usr/local/openravenscar/lib/gcc-lib/sparc-ork-elf/2.8.1/adalib/libgnat.a(s-strops.o)
                0x0201f398                system__string_ops__str_equal
                0x0201f270                system__string_ops__str_concat_sc
                0x0201f4a8                system__string_ops__str_normalize
                0x0201ef74                system__string_ops__str_concat
                0x0201f194                system__string_ops__str_concat_cs
                0x0201f4e8                system__string_ops__wide_str_normalize
                0x0201f134                system__string_ops__str_concat_cc
 .text          0x0201f52c      0x298 /usr/local/openravenscar/lib/gcc-lib/sparc-ork-elf/2.8.1/adalib/libgnat.a(s-soflin.o)
                0x0201f690                system__soft_links__set_jmpbuf_address_soft
                0x0201f5fc                system__soft_links__get_stack_info_nt
                0x0201f758                system__soft_links___elabb
                0x0201f5f0                system__soft_links__get_current_excep_nt
                0x0201f700                system__soft_links__set_exc_stack_addr_soft
                0x0201f52c                system__soft_links__abort_defer_nt
                0x0201f560                system__soft_links__check_abort_status_nt
                0x0201f5a8                system__soft_links__get_sec_stack_addr_nt
                0x0201f59c                system__soft_links__set_jmpbuf_address_nt
                0x0201f580                system__soft_links__task_lock_nt
                0x0201f73c                system__soft_links__set_machine_state_addr_soft
                0x0201f570                system__soft_links__current_master_nt
                0x0201f534                system__soft_links__abort_handler_nt
                0x0201f62c                system__soft_links__destroy_tsd
                0x0201f6e4                system__soft_links__get_exc_stack_addr_soft
                0x0201f590                system__soft_links__get_jmpbuf_address_nt
                0x0201f53c                system__soft_links__abort_undefer_nt
                0x0201f608                system__soft_links__create_tsd
                0x0201f5cc                system__soft_links__set_machine_state_addr_nt
                0x0201f5b4                system__soft_links__set_sec_stack_addr_nt
                0x0201f544                system__soft_links__update_exception_nt
                0x0201f5e4                system__soft_links__set_exc_stack_addr_nt
                0x0201f798                system__soft_links___init_proc
                0x0201f674                system__soft_links__get_jmpbuf_address_soft
                0x0201f578                system__soft_links__enter_master_nt
                0x0201f720                system__soft_links__get_machine_state_addr_soft
                0x0201f6c8                system__soft_links__set_sec_stack_addr_soft
                0x0201f588                system__soft_links__task_unlock_nt
                0x0201f650                system__soft_links__get_gnat_exception
                0x0201f6ac                system__soft_links__get_sec_stack_addr_soft
                0x0201f568                system__soft_links__complete_master_nt
                0x0201f5c0                system__soft_links__get_machine_state_addr_nt
                0x0201f5d8                system__soft_links__get_exc_stack_addr_nt
 .text          0x0201f7c4       0x68 /usr/local/openravenscar/lib/gcc-lib/sparc-ork-elf/2.8.1/adalib/libgnat.a(s-traceb.o)
                0x0201f7d8                system__traceback__get_code_loc
                0x0201f800                system__traceback__pop_frame
                0x0201f7ec                system__traceback__free_machine_state
                0x0201f7c4                system__traceback__allocate_machine_state
                0x0201f818                system__traceback__set_machine_state
 .text          0x0201f82c       0xfc /usr/local/openravenscar/lib/gcc-lib/sparc-ork-elf/2.8.1/adalib/libgnat.a(a-argv.o)
                0x0201f8f4                fill_env
                0x0201f898                env_count
                0x0201f8d4                len_env
                0x0201f82c                arg_count
                0x0201f838                gnat_argval
                0x0201f864                fill_arg
                0x0201f844                len_arg
 .text          0x0201f928      0x14c /usr/local/openravenscar/lib/gcc-lib/sparc-ork-elf/2.8.1/adalib/libgnat.a(a-cio.o)
                0x0201f948                put_int
                0x0201f964                get_char
                0x0201f928                get_int
                0x0201fa54                put_char_stderr
                0x0201f9b4                put_char
 .text          0x0201fa74        0xc /usr/local/openravenscar/lib/gcc-lib/sparc-ork-elf/2.8.1/adalib/libgnat.a(a-exit.o)
                0x0201fa74                set_gnat_exit_status
 .text          0x0201fa80      0x1f4 /usr/local/openravenscar/lib/gcc-lib/sparc-ork-elf/2.8.1/adalib/libgnat.a(a-raise.o)
                0x0201fa80                _gnat_builtin_longjmp
                0x0201fad8                __gnat_malloc
                0x0201fb90                __gnat_free
                0x0201fac0                __gnat_unhandled_terminate
                0x0201fbcc                __gnat_realloc
 .text          0x0201fc74      0x410 /usr/local/openravenscar/lib/gcc-lib/sparc-ork-elf/2.8.1/adalib/libgnat.a(a-init.o)
                0x0201fe68                __gnat_pop_frame
                0x0202007c                __gnat_init_float
                0x0201fc74                __gnat_set_globals
                0x02020074                __gnat_get_code_loc
                0x0201fccc                __gnat_initialize
                0x0201ffb8                __gnat_enter_handler
                0x0202006c                __gnat_machine_state_length
                0x0201ff0c                __gnat_set_machine_state
 .text          0x02020084        0x8 /usr/local/openravenscar/lib/gcc-lib/sparc-ork-elf/2.8.1/adalib/libgnat.a(a-final.o)
                0x02020084                __gnat_finalize
 .text          0x0202008c      0xc1c /usr/local/openravenscar/lib/gcc-lib/sparc-ork-elf/2.8.1/adalib/libgnat.a(s-fatllf.o)
                0x02020190                system__fat_llf__fat_long_long_float__copy_sign
                0x02020400                system__fat_llf__fat_long_long_float__gradual_scaling
                0x02020bd4                system__fat_llf__fat_long_long_float__unbiased_rounding
                0x02020498                system__fat_llf__fat_long_long_float__exponent
                0x0202015c                system__fat_llf__fat_long_long_float__compose
                0x020204c4                system__fat_llf__fat_long_long_float__floor
                0x0202008c                system__fat_llf__fat_long_long_float__adjacent
                0x020205f0                system__fat_llf__fat_long_long_float__pred
                0x02020530                system__fat_llf__fat_long_long_float__fraction
                0x020206b0                system__fat_llf__fat_long_long_float__remainder
                0x020208f8                system__fat_llf__fat_long_long_float__scaling
                0x020200f0                system__fat_llf__fat_long_long_float__ceiling
                0x020201f4                system__fat_llf__fat_long_long_float__decompose
                0x02020a20                system__fat_llf__fat_long_long_float__succ
                0x0202055c                system__fat_llf__fat_long_long_float__leading_part
                0x02020860                system__fat_llf__fat_long_long_float__rounding
                0x020205d8                system__fat_llf__fat_long_long_float__model
                0x02020c80                system__fat_llf__fat_long_long_float__valid
                0x02020b10                system__fat_llf__fat_long_long_float__truncation
                0x020205c4                system__fat_llf__fat_long_long_float__machine
 .text          0x02020ca8      0x18c /usr/local/openravenscar/lib/gcc-lib/sparc-ork-elf/2.8.1/adalib/libgnat.a(s-imgllu.o)
                0x02020ca8                system__img_llu__image_long_long_unsigned
                0x02020df0                system__img_llu__set_image_long_long_unsigned
 .text          0x02020e34      0x894 /usr/local/openravenscar/lib/gcc-lib/sparc-ork-elf/2.8.1/adalib/libgnat.a(a-adaint.o)
                0x02020fc4                get_object_suffix_ptr
                0x02020f70                Get_Default_Identifier_Character_Set
                0x02020f58                Get_Maximum_File_Name_Length
                0x02020f68                Get_File_Names_Case_Sensitive
                0x020211e0                file_time_name
                0x02020f80                Get_Pathsep_Char
                0x02021060                open_read
                0x02020f78                Get_Dirsep_Char
                0x02021278                is_regular_file
                0x02020f60                Get_Switch_Character
                0x0202142c                locate_regular_file
                0x0202167c                to_canonical_file_list_next
                0x020216a8                to_host_dir_spec
                0x02021258                __gnat_file_exists
                0x0202114c                __gnat_mkdir
                0x020216a0                to_canonical_path_spec
                0x020212f8                is_writable_file
                0x02021124                open_new_temp
                0x0202132c                portable_spawn
                0x02021690                to_canonical_dir_spec
                0x02021218                get_env_value_ptr
                0x020211fc                file_time_fd
                0x020211d8                readdir_is_thread_safe
                0x020210fc                open_new
                0x02020e34                to_gm_time
                0x02020ea8                Try_Lock
                0x02021698                to_canonical_file_spec
                0x020213e8                portable_wait
                0x02021674                to_canonical_file_list_init
                0x020216c0                convert_addresses
                0x02020ff8                get_executable_suffix_ptr
                0x020212b8                is_directory
                0x020210d4                open_append
                0x020210ac                open_create
                0x02021084                open_rw
                0x02021164                file_length
                0x020211a4                readdir_gnat
                0x020216b8                adjust_os_resource_limits
                0x020215b8                locate_exec
                0x020213a8                portable_no_block_spawn
                0x02021418                os_exit
                0x0202124c                Get_Libraries_From_Registry
                0x02021688                to_canonical_file_list_free
                0x02020f88                Get_Current_Dir
                0x020216b0                to_host_file_spec
                0x0202162c                locate_exec_on_path
                0x0202102c                get_debuggable_suffix_ptr
 .text          0x020216c8      0x294 /usr/local/openravenscar/sparc-ork-elf/lib/libm.a(s_atan.o)
                0x020216c8                atan
 .text          0x0202195c       0xf0 /usr/local/openravenscar/sparc-ork-elf/lib/libm.a(s_cos.o)
                0x0202195c                cos
 .text          0x02021a4c       0x2c /usr/local/openravenscar/sparc-ork-elf/lib/libm.a(s_fabs.o)
                0x02021a4c                fabs
 .text          0x02021a78       0xf0 /usr/local/openravenscar/sparc-ork-elf/lib/libm.a(s_sin.o)
                0x02021a78                sin
 .text          0x02021b68       0x9c /usr/local/openravenscar/sparc-ork-elf/lib/libm.a(s_tan.o)
                0x02021b68                tan
 .text          0x02021c04      0x134 /usr/local/openravenscar/sparc-ork-elf/lib/libm.a(s_tanh.o)
                0x02021c04                tanh
 .text          0x02021d38       0xf8 /usr/local/openravenscar/sparc-ork-elf/lib/libm.a(w_acos.o)
                0x02021d38                acos
 .text          0x02021e30       0xf8 /usr/local/openravenscar/sparc-ork-elf/lib/libm.a(w_asin.o)
                0x02021e30                asin
 .text          0x02021f28      0x1c0 /usr/local/openravenscar/sparc-ork-elf/lib/libm.a(w_exp.o)
                0x02021f28                exp
 .text          0x020220e8      0x184 /usr/local/openravenscar/sparc-ork-elf/lib/libm.a(w_log.o)
                0x020220e8                log
 .text          0x0202226c      0x60c /usr/local/openravenscar/sparc-ork-elf/lib/libm.a(w_pow.o)
                0x0202226c                pow
 .text          0x02022878      0x118 /usr/local/openravenscar/sparc-ork-elf/lib/libm.a(w_sqrt.o)
                0x02022878                sqrt
 .text          0x02022990      0x3ac /usr/local/openravenscar/sparc-ork-elf/lib/libm.a(e_acos.o)
                0x02022990                __ieee754_acos
 .text          0x02022d3c      0x340 /usr/local/openravenscar/sparc-ork-elf/lib/libm.a(e_asin.o)
                0x02022d3c                __ieee754_asin
 .text          0x0202307c      0x2f0 /usr/local/openravenscar/sparc-ork-elf/lib/libm.a(e_exp.o)
                0x0202307c                __ieee754_exp
 .text          0x0202336c      0x310 /usr/local/openravenscar/sparc-ork-elf/lib/libm.a(e_log.o)
                0x0202336c                __ieee754_log
 .text          0x0202367c      0x99c /usr/local/openravenscar/sparc-ork-elf/lib/libm.a(e_pow.o)
                0x0202367c                __ieee754_pow
 .text          0x02024018      0x3d8 /usr/local/openravenscar/sparc-ork-elf/lib/libm.a(e_rem_pio2.o)
                0x02024018                __ieee754_rem_pio2
 .text          0x020243f0      0x264 /usr/local/openravenscar/sparc-ork-elf/lib/libm.a(e_sqrt.o)
                0x020243f0                __ieee754_sqrt
 .text          0x02024654      0x17c /usr/local/openravenscar/sparc-ork-elf/lib/libm.a(k_cos.o)
                0x02024654                __kernel_cos
 .text          0x020247d0      0x838 /usr/local/openravenscar/sparc-ork-elf/lib/libm.a(k_rem_pio2.o)
                0x020247d0                __kernel_rem_pio2
 .text          0x02025008      0x11c /usr/local/openravenscar/sparc-ork-elf/lib/libm.a(k_sin.o)
                0x02025008                __kernel_sin
 .text          0x02025124      0x2b4 /usr/local/openravenscar/sparc-ork-elf/lib/libm.a(k_tan.o)
                0x02025124                __kernel_tan
 .text          0x020253d8      0x40c /usr/local/openravenscar/sparc-ork-elf/lib/libm.a(s_expm1.o)
                0x020253d8                expm1
 .text          0x020257e4       0x18 /usr/local/openravenscar/sparc-ork-elf/lib/libm.a(s_finite.o)
                0x020257e4                finite
 .text          0x020257fc      0x1a0 /usr/local/openravenscar/sparc-ork-elf/lib/libm.a(s_floor.o)
                0x020257fc                floor
 .text          0x0202599c       0x28 /usr/local/openravenscar/sparc-ork-elf/lib/libm.a(s_isnan.o)
                0x0202599c                isnan
 .text          0x020259c4        0x8 /usr/local/openravenscar/sparc-ork-elf/lib/libm.a(s_matherr.o)
                0x020259c4                matherr
 .text          0x020259cc      0x1c8 /usr/local/openravenscar/sparc-ork-elf/lib/libm.a(s_rint.o)
                0x020259cc                rint
 .text          0x02025b94      0x1d8 /usr/local/openravenscar/sparc-ork-elf/lib/libm.a(s_scalbn.o)
                0x02025b94                scalbn
 .text          0x02025d6c       0x40 /usr/local/openravenscar/sparc-ork-elf/lib/libm.a(s_copysign.o)
                0x02025d6c                copysign
 .text          0x02025dac        0x8 /usr/local/openravenscar/lib/gcc-lib/sparc-ork-elf/2.8.1/libgcc.a(__dummy.o)
                0x02025dac                __dummy
 .text          0x02025db4       0x48 /usr/local/openravenscar/lib/gcc-lib/sparc-ork-elf/2.8.1/libgcc.a(_ashldi3.o)
                0x02025db4                __ashldi3
 .text          0x02025dfc       0x38 /usr/local/openravenscar/lib/gcc-lib/sparc-ork-elf/2.8.1/libgcc.a(_cmpdi2.o)
                0x02025dfc                __cmpdi2
 .text          0x02025e34      0x3c0 /usr/local/openravenscar/lib/gcc-lib/sparc-ork-elf/2.8.1/libgcc.a(_divdi3.o)
                0x02025e34                __divdi3
 .text          0x020261f4      0x1f4 /usr/local/openravenscar/lib/gcc-lib/sparc-ork-elf/2.8.1/libgcc.a(_divsi3.o)
                0x020261f4                udiv
                0x02026200                div
 .text          0x020263e8       0x58 /usr/local/openravenscar/lib/gcc-lib/sparc-ork-elf/2.8.1/libgcc.a(_fixsfdi.o)
                0x020263e8                __fixsfdi
 .text          0x02026440      0x1c0 /usr/local/openravenscar/lib/gcc-lib/sparc-ork-elf/2.8.1/libgcc.a(_fixunsdfdi.o)
                0x02026440                __fixunsdfdi
 .text          0x02026600      0x1c8 /usr/local/openravenscar/lib/gcc-lib/sparc-ork-elf/2.8.1/libgcc.a(_fixunssfdi.o)
                0x02026600                __fixunssfdi
 .text          0x020267c8       0x54 /usr/local/openravenscar/lib/gcc-lib/sparc-ork-elf/2.8.1/libgcc.a(_floatdidf.o)
                0x020267c8                __floatdidf
 .text          0x0202681c       0xa8 /usr/local/openravenscar/lib/gcc-lib/sparc-ork-elf/2.8.1/libgcc.a(_floatdisf.o)
                0x0202681c                __floatdisf
 .text          0x020268c4       0x48 /usr/local/openravenscar/lib/gcc-lib/sparc-ork-elf/2.8.1/libgcc.a(_lshrdi3.o)
                0x020268c4                __lshrdi3
 .text          0x0202690c      0x1f4 /usr/local/openravenscar/lib/gcc-lib/sparc-ork-elf/2.8.1/libgcc.a(_modsi3.o)
                0x0202690c                urem
                0x02026918                rem
 .text          0x02026b00       0xe0 /usr/local/openravenscar/lib/gcc-lib/sparc-ork-elf/2.8.1/libgcc.a(_muldi3.o)
                0x02026b00                __muldi3
 .text          0x02026be0       0xe8 /usr/local/openravenscar/lib/gcc-lib/sparc-ork-elf/2.8.1/libgcc.a(_mulsi3.o)
                0x02026be0                umul
 .text          0x02026cc8      0x340 /usr/local/openravenscar/lib/gcc-lib/sparc-ork-elf/2.8.1/libgcc.a(_udivdi3.o)
                0x02026cc8                __udivdi3
 .text          0x02027008      0x39c /usr/local/openravenscar/lib/gcc-lib/sparc-ork-elf/2.8.1/libgcc.a(_umoddi3.o)
                0x02027008                __umoddi3
 .text          0x020273a4      0xa48 /usr/local/openravenscar/lib/gcc-lib/sparc-ork-elf/2.8.1/libgcc.a(frame.o)
                0x02027cc8                __frame_state_for
                0x02027c60                __deregister_frame_info
                0x02027c38                __register_frame_info_table
                0x02027c10                __register_frame_info
 .text          0x02027dec       0x20 /usr/local/openravenscar/sparc-ork-elf/lib/libc.a(abort.o)
                0x02027dec                abort
 .text          0x02027e0c       0x1c /usr/local/openravenscar/sparc-ork-elf/lib/libc.a(atoi.o)
                0x02027e0c                atoi
 .text          0x02027e28        0xc /usr/local/openravenscar/sparc-ork-elf/lib/libc.a(errno.o)
                0x02027e28                __errno
 .text          0x02027e34       0x8c /usr/local/openravenscar/sparc-ork-elf/lib/libc.a(exit.o)
                0x02027e34                exit
 .text          0x02027ec0       0x90 /usr/local/openravenscar/sparc-ork-elf/lib/libc.a(fputc.o)
                0x02027ec0                fputc
 .text          0x02027f50       0x40 /usr/local/openravenscar/sparc-ork-elf/lib/libc.a(getenv.o)
                0x02027f70                getenv
                0x02027f50                _findenv
 .text          0x02027f90      0x100 /usr/local/openravenscar/sparc-ork-elf/lib/libc.a(getenv_r.o)
                0x02027f90                _findenv_r
                0x02028074                _getenv_r
 .text          0x02028090       0x1c /usr/local/openravenscar/sparc-ork-elf/lib/libc.a(gmtime.o)
                0x02028090                gmtime
 .text          0x020280ac       0x20 /usr/local/openravenscar/sparc-ork-elf/lib/libc.a(lcltime.o)
                0x020280ac                localtime
 .text          0x020280cc      0x21c /usr/local/openravenscar/sparc-ork-elf/lib/libc.a(lcltime_r.o)
                0x020280cc                localtime_r
 .text          0x020282e8       0x38 /usr/local/openravenscar/sparc-ork-elf/lib/libc.a(malloc.o)
                0x020282e8                malloc
                0x02028304                free
 .text          0x02028320      0x774 /usr/local/openravenscar/sparc-ork-elf/lib/libc.a(mallocr.o)
                0x020284ec                _malloc_r
 .text          0x02028a94       0x80 /usr/local/openravenscar/sparc-ork-elf/lib/libc.a(memcmp.o)
                0x02028a94                memcmp
 .text          0x02028b14       0xc4 /usr/local/openravenscar/sparc-ork-elf/lib/libc.a(memcpy.o)
                0x02028b14                memcpy
 .text          0x02028bd8       0xa4 /usr/local/openravenscar/sparc-ork-elf/lib/libc.a(memset.o)
                0x02028bd8                memset
 .text          0x02028c7c       0x10 /usr/local/openravenscar/sparc-ork-elf/lib/libc.a(mlock.o)
                0x02028c84                __malloc_unlock
                0x02028c7c                __malloc_lock
 .text          0x02028c8c       0x70 /usr/local/openravenscar/sparc-ork-elf/lib/libc.a(printf.o)
                0x02028cbc                printf
                0x02028c8c                _printf_r
 .text          0x02028cfc       0x20 /usr/local/openravenscar/sparc-ork-elf/lib/libc.a(realloc.o)
                0x02028cfc                realloc
 .text          0x02028d1c      0x50c /usr/local/openravenscar/sparc-ork-elf/lib/libc.a(reallocr.o)
                0x02028d1c                _realloc_r
 .text          0x02029228       0x40 /usr/local/openravenscar/sparc-ork-elf/lib/libc.a(rget.o)
                0x02029228                __srget
 .text          0x02029268       0x34 /usr/local/openravenscar/sparc-ork-elf/lib/libc.a(sbrkr.o)
                0x02029268                _sbrk_r
 .text          0x0202929c       0x64 /usr/local/openravenscar/sparc-ork-elf/lib/libc.a(scanf.o)
                0x020292d4                _scanf_r
                0x0202929c                scanf
 .text          0x02029300      0x24c /usr/local/openravenscar/sparc-ork-elf/lib/libc.a(signal.o)
                0x0202935c                _signal_r
                0x020293b8                _raise_r
                0x02029454                __sigtramp_r
                0x020294f8                signal
                0x02029518                _init_signal
                0x02029300                _init_signal_r
                0x02029530                __sigtramp
                0x020294dc                raise
 .text          0x0202954c       0x4c /usr/local/openravenscar/sparc-ork-elf/lib/libc.a(signalr.o)
                0x0202954c                _kill_r
                0x02029584                _getpid_r
 .text          0x02029598       0xb4 /usr/local/openravenscar/sparc-ork-elf/lib/libc.a(sprintf.o)
                0x02029598                _sprintf_r
                0x020295ec                sprintf
 .text          0x0202964c       0x8c /usr/local/openravenscar/sparc-ork-elf/lib/libc.a(strcat.o)
                0x0202964c                strcat
 .text          0x020296d8       0xb8 /usr/local/openravenscar/sparc-ork-elf/lib/libc.a(strcmp.o)
                0x020296d8                strcmp
 .text          0x02029790       0x8c /usr/local/openravenscar/sparc-ork-elf/lib/libc.a(strcpy.o)
                0x02029790                strcpy
 .text          0x0202981c       0x78 /usr/local/openravenscar/sparc-ork-elf/lib/libc.a(strlen.o)
                0x0202981c                strlen
 .text          0x02029894       0xcc /usr/local/openravenscar/sparc-ork-elf/lib/libc.a(strncmp.o)
                0x02029894                strncmp
 .text          0x02029960       0xd4 /usr/local/openravenscar/sparc-ork-elf/lib/libc.a(strncpy.o)
                0x02029960                strncpy
 .text          0x02029a34       0x68 /usr/local/openravenscar/sparc-ork-elf/lib/libc.a(strstr.o)
                0x02029a34                strstr
 .text          0x02029a9c      0x1f8 /usr/local/openravenscar/sparc-ork-elf/lib/libc.a(strtol.o)
                0x02029c70                strtol
                0x02029a9c                _strtol_r
 .text          0x02029c94     0x19c4 /usr/local/openravenscar/sparc-ork-elf/lib/libc.a(vfprintf.o)
                0x02029d98                _vfprintf_r
                0x02029d78                vfprintf
 .text          0x0202b658      0xf30 /usr/local/openravenscar/sparc-ork-elf/lib/libc.a(vfscanf.o)
                0x0202b658                __svfscanf
                0x0202c4a8                __sccl
 .text          0x0202c588      0x10c /usr/local/openravenscar/sparc-ork-elf/lib/libc.a(wbuf.o)
                0x0202c588                __swbuf
 .text          0x0202c694      0x10c /usr/local/openravenscar/sparc-ork-elf/lib/libc.a(wsetup.o)
                0x0202c694                __swsetup
 .text          0x0202c7a0       0x18 /usr/local/openravenscar/sparc-ork-elf/lib/libc.a(atof.o)
                0x0202c7a0                atof
 .text          0x0202c7b8     0x1250 /usr/local/openravenscar/sparc-ork-elf/lib/libc.a(dtoa.o)
                0x0202c9a4                _dtoa_r
 .text          0x0202da08       0x10 /usr/local/openravenscar/sparc-ork-elf/lib/libc.a(envlock.o)
                0x0202da10                __env_unlock
                0x0202da08                __env_lock
 .text          0x0202da18       0xf0 /usr/local/openravenscar/sparc-ork-elf/lib/libc.a(fflush.o)
                0x0202da18                fflush
 .text          0x0202db08      0x228 /usr/local/openravenscar/sparc-ork-elf/lib/libc.a(findfp.o)
                0x0202dcc0                __sinit
                0x0202db64                __sfmoreglue
                0x0202dca8                _cleanup
                0x0202dc8c                _cleanup_r
                0x0202dbbc                __sfp
 .text          0x0202dd30       0xcc /usr/local/openravenscar/sparc-ork-elf/lib/libc.a(fread.o)
                0x0202dd30                fread
 .text          0x0202ddfc      0x3c0 /usr/local/openravenscar/sparc-ork-elf/lib/libc.a(freer.o)
                0x0202ddfc                _free_r
                0x0202e098                _malloc_trim_r
 .text          0x0202e1bc      0x380 /usr/local/openravenscar/sparc-ork-elf/lib/libc.a(fvwrite.o)
                0x0202e1bc                __sfvwrite
 .text          0x0202e53c       0x60 /usr/local/openravenscar/sparc-ork-elf/lib/libc.a(fwalk.o)
                0x0202e53c                _fwalk
 .text          0x0202e59c       0xa4 /usr/local/openravenscar/sparc-ork-elf/lib/libc.a(locale.o)
                0x0202e59c                _setlocale_r
                0x0202e5fc                _localeconv_r
                0x0202e608                setlocale
                0x0202e628                localeconv
 .text          0x0202e640      0x144 /usr/local/openravenscar/sparc-ork-elf/lib/libc.a(makebuf.o)
                0x0202e640                __smakebuf
 .text          0x0202e784       0x58 /usr/local/openravenscar/sparc-ork-elf/lib/libc.a(mbtowc_r.o)
                0x0202e784                _mbtowc_r
 .text          0x0202e7dc       0xd4 /usr/local/openravenscar/sparc-ork-elf/lib/libc.a(memchr.o)
                0x0202e7dc                memchr
 .text          0x0202e8b0      0x110 /usr/local/openravenscar/sparc-ork-elf/lib/libc.a(memmove.o)
                0x0202e8b0                memmove
 .text          0x0202e9c0      0xd14 /usr/local/openravenscar/sparc-ork-elf/lib/libc.a(mprec.o)
                0x0202f688                _mprec_log10
                0x0202ec34                _hi0bits
                0x0202e9c0                _Balloc
                0x0202f4c4                _d2b
                0x0202eda4                _multiply
                0x0202f5f8                _ratio
                0x0202eb74                _s2b
                0x0202ed80                _i2b
                0x0202ecb4                _lo0bits
                0x0202f174                __mcmp
                0x0202ef90                _pow5mult
                0x0202f338                _ulp
                0x0202f3c4                _b2d
                0x0202ea90                _multadd
                0x0202f1dc                __mdiff
                0x0202f078                _lshift
                0x0202ea58                _Bfree
 .text          0x0202f6d4      0x19c /usr/local/openravenscar/sparc-ork-elf/lib/libc.a(refill.o)
                0x0202f6e8                __srefill
 .text          0x0202f870       0x38 /usr/local/openravenscar/sparc-ork-elf/lib/libc.a(s_isinf.o)
                0x0202f870                isinf
 .text          0x0202f8a8      0x104 /usr/local/openravenscar/sparc-ork-elf/lib/libc.a(stdio.o)
                0x0202f944                __sseek
                0x0202f8a8                __sread
                0x0202f994                __sclose
                0x0202f8f4                __swrite
 .text          0x0202f9ac      0xedc /usr/local/openravenscar/sparc-ork-elf/lib/libc.a(strtod.o)
                0x0202f9ac                _strtod_r
                0x0203086c                strtodf
                0x0203084c                strtod
 .text          0x02030888      0x1d8 /usr/local/openravenscar/sparc-ork-elf/lib/libc.a(strtoul.o)
                0x02030a3c                strtoul
                0x02030888                _strtoul_r
 .text          0x02030a60      0x228 /usr/local/openravenscar/sparc-ork-elf/lib/libc.a(ungetc.o)
                0x02030b10                ungetc
                0x02030a60                __submore
 .text          0x02030c88       0x3c /usr/local/openravenscar/sparc-ork-elf/lib/libc.a(writer.o)
                0x02030c88                _write_r
 .text          0x02030cc4       0xa8 /usr/local/openravenscar/sparc-ork-elf/lib/libc.a(callocr.o)
                0x02030cc4                _calloc_r
 .text          0x02030d6c       0x34 /usr/local/openravenscar/sparc-ork-elf/lib/libc.a(closer.o)
                0x02030d6c                _close_r
 .text          0x02030da0       0x38 /usr/local/openravenscar/sparc-ork-elf/lib/libc.a(fstatr.o)
                0x02030da0                _fstat_r
 .text          0x02030dd8       0x3c /usr/local/openravenscar/sparc-ork-elf/lib/libc.a(lseekr.o)
                0x02030dd8                _lseek_r
 .text          0x02030e14       0x3c /usr/local/openravenscar/sparc-ork-elf/lib/libc.a(readr.o)
                0x02030e14                _read_r
 .text          0x02030e50      0x134 /usr/local/openravenscar/sparc-ork-elf/lib/libork.a(ada_exceptions.o)
                0x02030e50                Instruction_Access_Exception
                0x02030f2c                Division_By_Zero
                0x02030f00                Stack_Overflow
                0x02030e7c                Illegal_Instruction
                0x02030f58                Integer_Overflow
                0x02030ed4                FP_Exception
                0x02030ea8                Address_Not_Aligned
 .text          0x02030f84       0x1c /usr/local/openravenscar/sparc-ork-elf/lib/libork.a(close.o)
                0x02030f84                close
 .text          0x02030fa0       0x30 /usr/local/openravenscar/sparc-ork-elf/lib/libork.a(execv.o)
                0x02030fa0                execv
 .text          0x02030fd0       0x28 /usr/local/openravenscar/sparc-ork-elf/lib/libork.a(fork.o)
                0x02030fd0                fork
 .text          0x02030ff8       0x30 /usr/local/openravenscar/sparc-ork-elf/lib/libork.a(fstat.o)
                0x02030ff8                fstat
 .text          0x02031028       0x30 /usr/local/openravenscar/sparc-ork-elf/lib/libork.a(getcwd.o)
                0x02031028                getcwd
 .text          0x02031058       0x30 /usr/local/openravenscar/sparc-ork-elf/lib/libork.a(getpid.o)
                0x02031058                getpid
                0x02031070                getppid
 .text          0x02031088       0x84 /usr/local/openravenscar/sparc-ork-elf/lib/libork.a(isatty.o)
                0x02031088                isatty