#-----------------------------------------------------------
# Vivado v2023.2 (64-bit)
# SW Build 4029153 on Fri Oct 13 20:14:34 MDT 2023
# IP Build 4028589 on Sat Oct 14 00:45:43 MDT 2023
# SharedData Build 4025554 on Tue Oct 10 17:18:54 MDT 2023
# Start of session at: Sun May 12 21:52:52 2024
# Process ID: 13720
# Current directory: C:/Users/Mirare69/Documents/Apuntes/Tercer Año/PHR/Proyecto/Proyecto_CPU
# Command line: vivado.exe -gui_launcher_event rodinguilauncherevent3616 C:\Users\Mirare69\Documents\Apuntes\Tercer Año\PHR\Proyecto\Proyecto_CPU\Proyecto_CPU.xpr
# Log file: C:/Users/Mirare69/Documents/Apuntes/Tercer Año/PHR/Proyecto/Proyecto_CPU/vivado.log
# Journal file: C:/Users/Mirare69/Documents/Apuntes/Tercer Año/PHR/Proyecto/Proyecto_CPU\vivado.jou
# Running On: DESKTOP-FT6A7VT, OS: Windows, CPU Frequency: 3693 MHz, CPU Physical cores: 12, Host memory: 34266 MB
#-----------------------------------------------------------
start_gui
open_project {C:/Users/Mirare69/Documents/Apuntes/Tercer Año/PHR/Proyecto/Proyecto_CPU/Proyecto_CPU.xpr}
update_compile_order -fileset sources_1
set_property SOURCE_SET sources_1 [get_filesets sim_1]
close [ open {C:/Users/Mirare69/Documents/Apuntes/Tercer Año/PHR/Proyecto/Proyecto_CPU/Proyecto_CPU.srcs/sim_1/new/Pruebas_Memoria.vhd} w ]
add_files -fileset sim_1 {{C:/Users/Mirare69/Documents/Apuntes/Tercer Año/PHR/Proyecto/Proyecto_CPU/Proyecto_CPU.srcs/sim_1/new/Pruebas_Memoria.vhd}}
update_compile_order -fileset sim_1
update_compile_order -fileset sim_1
# Disabling source management mode.  This is to allow the top design properties to be set without GUI intervention.
set_property source_mgmt_mode None [current_project]
set_property top Pruebas_Memoria [get_filesets sim_1]
set_property top_lib xil_defaultlib [get_filesets sim_1]
# Re-enabling previously disabled source management mode.
set_property source_mgmt_mode All [current_project]
update_compile_order -fileset sim_1
launch_simulation
source Pruebas_Memoria.tcl
close_sim
launch_simulation
source Pruebas_Memoria.tcl
close_sim
launch_simulation
source Pruebas_Memoria.tcl
close_sim
launch_simulation
source Pruebas_Memoria.tcl
close_sim
